INFO:     Will watch for changes in these directories: ['/home/ssatl/Documents/Doc@uthANTIC/backend/fastapi/microservices/lecture_certificat']
INFO:     Uvicorn running on https://192.168.4.131:8002 (Press CTRL+C to quit)
INFO:     Started reloader process [382239] using StatReload
INFO:     Started server process [382245]
INFO:     Waiting for application startup.
INFO:     Application startup complete.
Réception des données: certificat (longueur: 11340) et mot de passe
Décodage base64 réussi, taille des données: 8505 octets
Tentative de chargement du certificat PKCS#12...
Chargement du certificat PKCS#12 réussi
Extraction des informations du certificat réussie. Common Name: ANTIC TEST CERTIFICATE(EMPLOYE TEST 20250310)
INFO:     192.168.4.131:60896 - "POST /extract-cert-info-base64/ HTTP/1.1" 200 OK
Réception des données: certificat (longueur: 11340) et mot de passe
Décodage base64 réussi, taille des données: 8505 octets
Tentative de chargement du certificat PKCS#12...
Chargement du certificat PKCS#12 réussi
Extraction des informations du certificat réussie. Common Name: ANTIC TEST CERTIFICATE(EMPLOYE TEST 20250310)
INFO:     192.168.4.131:49702 - "POST /extract-cert-info-base64/ HTTP/1.1" 200 OK
Réception des données: certificat (longueur: 11340) et mot de passe
Décodage base64 réussi, taille des données: 8505 octets
Tentative de chargement du certificat PKCS#12...
Chargement du certificat PKCS#12 réussi
Extraction des informations du certificat réussie. Common Name: ANTIC TEST CERTIFICATE(EMPLOYE TEST 20250310)
INFO:     192.168.4.131:44230 - "POST /extract-cert-info-base64/ HTTP/1.1" 200 OK
Réception des données: certificat (longueur: 11340) et mot de passe
Décodage base64 réussi, taille des données: 8505 octets
Tentative de chargement du certificat PKCS#12...
Chargement du certificat PKCS#12 réussi
Extraction des informations du certificat réussie. Common Name: ANTIC TEST CERTIFICATE(EMPLOYE TEST 20250310)
INFO:     192.168.4.131:55472 - "POST /extract-cert-info-base64/ HTTP/1.1" 200 OK
Réception des données: certificat (longueur: 11340) et mot de passe
Décodage base64 réussi, taille des données: 8505 octets
Tentative de chargement du certificat PKCS#12...
Chargement du certificat PKCS#12 réussi
Extraction des informations du certificat réussie. Common Name: ANTIC TEST CERTIFICATE(EMPLOYE TEST 20250310)
INFO:     192.168.4.131:41736 - "POST /extract-cert-info-base64/ HTTP/1.1" 200 OK
Réception des données: certificat (longueur: 11340) et mot de passe
Décodage base64 réussi, taille des données: 8505 octets
Tentative de chargement du certificat PKCS#12...
Chargement du certificat PKCS#12 réussi
Extraction des informations du certificat réussie. Common Name: ANTIC TEST CERTIFICATE(EMPLOYE TEST 20250310)
INFO:     192.168.4.131:35978 - "POST /extract-cert-info-base64/ HTTP/1.1" 200 OK
Réception des données: certificat (longueur: 11340) et mot de passe
Décodage base64 réussi, taille des données: 8505 octets
Tentative de chargement du certificat PKCS#12...
Chargement du certificat PKCS#12 réussi
Extraction des informations du certificat réussie. Common Name: ANTIC TEST CERTIFICATE(EMPLOYE TEST 20250310)
INFO:     192.168.4.131:34962 - "POST /extract-cert-info-base64/ HTTP/1.1" 200 OK
Réception des données: certificat (longueur: 11340) et mot de passe
Décodage base64 réussi, taille des données: 8505 octets
Tentative de chargement du certificat PKCS#12...
Chargement du certificat PKCS#12 réussi
Extraction des informations du certificat réussie. Common Name: ANTIC TEST CERTIFICATE(EMPLOYE TEST 20250310)
INFO:     192.168.4.131:58984 - "POST /extract-cert-info-base64/ HTTP/1.1" 200 OK
Réception des données: certificat (longueur: 11340) et mot de passe
Décodage base64 réussi, taille des données: 8505 octets
Tentative de chargement du certificat PKCS#12...
Chargement du certificat PKCS#12 réussi
Extraction des informations du certificat réussie. Common Name: ANTIC TEST CERTIFICATE(EMPLOYE TEST 20250310)
INFO:     192.168.4.131:43744 - "POST /extract-cert-info-base64/ HTTP/1.1" 200 OK
Réception des données: certificat (longueur: 11340) et mot de passe
Décodage base64 réussi, taille des données: 8505 octets
Tentative de chargement du certificat PKCS#12...
Chargement du certificat PKCS#12 réussi
Extraction des informations du certificat réussie. Common Name: ANTIC TEST CERTIFICATE(EMPLOYE TEST 20250310)
INFO:     192.168.4.131:54806 - "POST /extract-cert-info-base64/ HTTP/1.1" 200 OK
Réception des données: certificat (longueur: 11340) et mot de passe
Décodage base64 réussi, taille des données: 8505 octets
Tentative de chargement du certificat PKCS#12...
Chargement du certificat PKCS#12 réussi
Extraction des informations du certificat réussie. Common Name: ANTIC TEST CERTIFICATE(EMPLOYE TEST 20250310)
INFO:     192.168.4.131:48800 - "POST /extract-cert-info-base64/ HTTP/1.1" 200 OK
Réception des données: certificat (longueur: 11340) et mot de passe
Décodage base64 réussi, taille des données: 8505 octets
Tentative de chargement du certificat PKCS#12...
Chargement du certificat PKCS#12 réussi
Extraction des informations du certificat réussie. Common Name: ANTIC TEST CERTIFICATE(EMPLOYE TEST 20250310)
INFO:     192.168.4.131:55342 - "POST /extract-cert-info-base64/ HTTP/1.1" 200 OK
Traceback (most recent call last):
  File "/home/ssatl/Documents/Doc@uthANTIC/backend/fastapi/microservices/lecture_certificat/main.py", line 165, in extract_cert_info_base64
    private_key, cert, additional_certs = pkcs12.load_key_and_certificates(cert_bytes, password_bytes)
ValueError: Invalid password or PKCS12 data
Réception des données: certificat (longueur: 11340) et mot de passe
Décodage base64 réussi, taille des données: 8505 octets
Tentative de chargement du certificat PKCS#12...
Erreur lors du chargement du certificat: Invalid password or PKCS12 data
HTTPException dans extract_cert_info_base64: 400: Erreur lors du chargement du certificat: Invalid password or PKCS12 data
INFO:     192.168.4.131:51990 - "POST /extract-cert-info-base64/ HTTP/1.1" 400 Bad Request
Réception des données: certificat (longueur: 11340) et mot de passe
Décodage base64 réussi, taille des données: 8505 octets
Tentative de chargement du certificat PKCS#12...
Chargement du certificat PKCS#12 réussi
Extraction des informations du certificat réussie. Common Name: ANTIC TEST CERTIFICATE(EMPLOYE TEST 20250310)
INFO:     192.168.4.131:51994 - "POST /extract-cert-info-base64/ HTTP/1.1" 200 OK
Réception des données: certificat (longueur: 11340) et mot de passe
Décodage base64 réussi, taille des données: 8505 octets
Tentative de chargement du certificat PKCS#12...
Chargement du certificat PKCS#12 réussi
Extraction des informations du certificat réussie. Common Name: ANTIC TEST CERTIFICATE(EMPLOYE TEST 20250310)
INFO:     192.168.4.131:50484 - "POST /extract-cert-info-base64/ HTTP/1.1" 200 OK
Réception des données: certificat (longueur: 11340) et mot de passe
Décodage base64 réussi, taille des données: 8505 octets
Tentative de chargement du certificat PKCS#12...
Chargement du certificat PKCS#12 réussi
Extraction des informations du certificat réussie. Common Name: ANTIC TEST CERTIFICATE(EMPLOYE TEST 20250310)
INFO:     192.168.4.131:58760 - "POST /extract-cert-info-base64/ HTTP/1.1" 200 OK
